// Jest Snapshot v1, https://goo.gl/fbAQLP

exports[`Foo should render correctly 1`] = `
<div
  className="foo"
>
  <button
    id="toLowerButton"
    onClick={[Function]}
  >
    toLower
  </button>
  <button
    id="toUpperButton"
    onClick={[Function]}
  >
    toUpper
  </button>
  <h4>
    Hello World!
  </h4>
</div>
`;
